/var/spool/slurm/job12428/slurm_script: line 9: module: command not found
