/var/spool/slurm/job10165/slurm_script: line 9: module: command not found
