/var/spool/slurm/job10166/slurm_script: line 9: module: command not found
