/var/spool/slurm/job10170/slurm_script: line 9: module: command not found
