/var/spool/slurm/job12429/slurm_script: line 9: module: command not found
