/var/spool/slurm/job10168/slurm_script: line 9: module: command not found
