/var/spool/slurm/job10172/slurm_script: line 9: module: command not found
