/var/spool/slurm/job10171/slurm_script: line 9: module: command not found
