/var/spool/slurm/job10164/slurm_script: line 9: module: command not found
